../Core/Src/main.c:144:7:Convert_ADC_to_Voltage	24	static
../Core/Src/main.c:158:7:Convert_ADC_to_Current	24	static
../Core/Src/main.c:173:7:Calculate_Power	16	static
../Core/Src/main.c:183:6:Update_Energy	24	static
../Core/Src/main.c:198:6:Update_Peaks	24	static
../Core/Src/main.c:208:6:Reset_Peaks	8	static
../Core/Src/main.c:218:6:Reset_Energy	8	static
../Core/Src/main.c:227:6:Handle_Menu_Navigation	16	static
../Core/Src/main.c:274:6:Handle_Menu_Action	16	static
../Core/Src/main.c:364:6:Display_Current_Menu	216	static
../Core/Src/main.c:534:6:Update_Graphics_Data	16	static
../Core/Src/main.c:551:6:Display_Graphics	104	static
../Core/Src/main.c:628:6:Display_Power_Meter	136	static
../Core/Src/main.c:676:6:Timer_Interrupt_Handler	32	static
../Core/Src/main.c:734:6:User_Button_Interrupt_Handler	32	static
../Core/Src/main.c:771:6:Rotary_Encoder_Interrupt_Handler	24	static
../Core/Src/main.c:827:10:Get_ADC_Value	32	static
../Core/Src/main.c:853:5:main	8	static
../Core/Src/main.c:929:6:SystemClock_Config	128	static
../Core/Src/main.c:980:13:MX_ADC_Init	16	static
../Core/Src/main.c:1044:13:MX_I2C1_Init	8	static
../Core/Src/main.c:1092:13:MX_TIM6_Init	16	static
../Core/Src/main.c:1130:13:MX_GPIO_Init	48	static
../Core/Src/main.c:1182:6:Error_Handler	8	static,ignoring_inline_asm
